Component: ARM Compiler 5.06 update 6 (build 750) Tool: armlink [4d35ed]

==============================================================================

Section Cross References

    main.o(.text) refers to project_hardware_init.o(.text) for initialize_hardware
    main.o(.text) refers to project_interrupts.o(.text) for initialize_interrupts
    main.o(.text) refers to printfb.o(i.__0printf$bare) for __2printf
    main.o(.text) refers to uart.o(.text) for uart_rx_poll
    project_hardware_init.o(.text) refers to serial_debug.o(.text) for init_serial_debug
    project_interrupts.o(.text) refers to timers.o(.text) for gp_timer_config_32
    project_interrupts.o(.text) refers to project_interrupts.o(.data) for PS2_X_DATA
    pc_buffer.o(.text) refers to malloc.o(i.malloc) for malloc
    accel.o(.text) refers to spi_select.o(.text) for spi_select_init
    accel.o(.text) refers to gpio_port.o(.text) for gpio_enable_port
    accel.o(.text) refers to spi.o(.text) for initialize_spi
    eeprom.o(.text) refers to i2c.o(.text) for i2cVerifyBaseAddr
    eeprom.o(.text) refers to gpio_port.o(.text) for gpio_enable_port
    ft6x06.o(.text) refers to i2c.o(.text) for I2CMasterBusy
    ft6x06.o(.text) refers to gpio_port.o(.text) for gpio_enable_port
    lcd.o(.text) refers to lcd.o(i.lcd_write_data_u16) for lcd_write_data_u16
    lcd.o(.text) refers to gpio_port.o(.text) for gpio_enable_port
    ps2.o(.text) refers to gpio_port.o(.text) for gpio_enable_port
    ps2.o(.text) refers to adc.o(.text) for initialize_adc
    serial_debug.o(.text) refers to gpio_port.o(.text) for gpio_enable_port
    serial_debug.o(.text) refers to pc_buffer.o(.text) for pc_buffer_init
    serial_debug.o(.text) refers to uart.o(.text) for uart_init
    serial_debug.o(.text) refers to main.o(.text) for DisableInterrupts
    serial_debug.o(.text) refers to serial_debug.o(.data) for Rx_Interrupts_Enabled
    serial_debug.o(.text) refers to serial_debug.o(.bss) for UART0_Tx_Buffer
    serial_debug.o(.text) refers to stdout.o(.data) for __stdout
    spi_select.o(.text) refers to gpio_port.o(.text) for gpio_enable_port
    startup_tm4c123.o(RESET) refers to startup_tm4c123.o(STACK) for __initial_sp
    startup_tm4c123.o(RESET) refers to startup_tm4c123.o(.text) for Reset_Handler
    startup_tm4c123.o(RESET) refers to serial_debug.o(.text) for UART0_Handler
    startup_tm4c123.o(RESET) refers to project_interrupts.o(.text) for ADC0SS2_Handler
    startup_tm4c123.o(.text) refers to system_tm4c123.o(.text) for SystemInit
    startup_tm4c123.o(.text) refers to entry.o(.ARM.Collect$$$$00000000) for __main
    system_tm4c123.o(.text) refers to system_tm4c123.o(.data) for SystemCoreClock
    entry.o(.ARM.Collect$$$$00000000) refers (Special) to entry10a.o(.ARM.Collect$$$$0000000D) for __rt_final_cpp
    entry.o(.ARM.Collect$$$$00000000) refers (Special) to entry11a.o(.ARM.Collect$$$$0000000F) for __rt_final_exit
    entry.o(.ARM.Collect$$$$00000000) refers (Special) to entry7b.o(.ARM.Collect$$$$00000008) for _main_clock
    entry.o(.ARM.Collect$$$$00000000) refers (Special) to entry8b.o(.ARM.Collect$$$$0000000A) for _main_cpp_init
    entry.o(.ARM.Collect$$$$00000000) refers (Special) to entry9a.o(.ARM.Collect$$$$0000000B) for _main_init
    entry.o(.ARM.Collect$$$$00000000) refers (Special) to entry5.o(.ARM.Collect$$$$00000004) for _main_scatterload
    entry.o(.ARM.Collect$$$$00000000) refers (Special) to entry2.o(.ARM.Collect$$$$00000001) for _main_stk
    printfb.o(i.__0fprintf$bare) refers to printfb.o(i._printf_core) for _printf_core
    printfb.o(i.__0fprintf$bare) refers to serial_debug.o(.text) for fputc
    printfb.o(i.__0printf$bare) refers to printfb.o(i._printf_core) for _printf_core
    printfb.o(i.__0printf$bare) refers to serial_debug.o(.text) for fputc
    printfb.o(i.__0printf$bare) refers to stdout.o(.data) for __stdout
    printfb.o(i.__0snprintf$bare) refers to printfb.o(i._printf_core) for _printf_core
    printfb.o(i.__0snprintf$bare) refers to printfb.o(i._snputc) for _snputc
    printfb.o(i.__0sprintf$bare) refers to printfb.o(i._printf_core) for _printf_core
    printfb.o(i.__0sprintf$bare) refers to printfb.o(i._sputc) for _sputc
    printfb.o(i.__0vfprintf$bare) refers to printfb.o(i._printf_core) for _printf_core
    printfb.o(i.__0vfprintf$bare) refers to serial_debug.o(.text) for fputc
    printfb.o(i.__0vprintf$bare) refers to printfb.o(i._printf_core) for _printf_core
    printfb.o(i.__0vprintf$bare) refers to serial_debug.o(.text) for fputc
    printfb.o(i.__0vprintf$bare) refers to stdout.o(.data) for __stdout
    printfb.o(i.__0vsnprintf$bare) refers to printfb.o(i._printf_core) for _printf_core
    printfb.o(i.__0vsnprintf$bare) refers to printfb.o(i._snputc) for _snputc
    printfb.o(i.__0vsprintf$bare) refers to printfb.o(i._printf_core) for _printf_core
    printfb.o(i.__0vsprintf$bare) refers to printfb.o(i._sputc) for _sputc
    printf0.o(i.__0fprintf$0) refers to printf0.o(i._printf_core) for _printf_core
    printf0.o(i.__0fprintf$0) refers to serial_debug.o(.text) for fputc
    printf0.o(i.__0printf$0) refers to printf0.o(i._printf_core) for _printf_core
    printf0.o(i.__0printf$0) refers to serial_debug.o(.text) for fputc
    printf0.o(i.__0printf$0) refers to stdout.o(.data) for __stdout
    printf0.o(i.__0snprintf$0) refers to printf0.o(i._printf_core) for _printf_core
    printf0.o(i.__0snprintf$0) refers to printf0.o(i._snputc) for _snputc
    printf0.o(i.__0sprintf$0) refers to printf0.o(i._printf_core) for _printf_core
    printf0.o(i.__0sprintf$0) refers to printf0.o(i._sputc) for _sputc
    printf0.o(i.__0vfprintf$0) refers to printf0.o(i._printf_core) for _printf_core
    printf0.o(i.__0vfprintf$0) refers to serial_debug.o(.text) for fputc
    printf0.o(i.__0vprintf$0) refers to printf0.o(i._printf_core) for _printf_core
    printf0.o(i.__0vprintf$0) refers to serial_debug.o(.text) for fputc
    printf0.o(i.__0vprintf$0) refers to stdout.o(.data) for __stdout
    printf0.o(i.__0vsnprintf$0) refers to printf0.o(i._printf_core) for _printf_core
    printf0.o(i.__0vsnprintf$0) refers to printf0.o(i._snputc) for _snputc
    printf0.o(i.__0vsprintf$0) refers to printf0.o(i._printf_core) for _printf_core
    printf0.o(i.__0vsprintf$0) refers to printf0.o(i._sputc) for _sputc
    printf1.o(i.__0fprintf$1) refers to printf1.o(i._printf_core) for _printf_core
    printf1.o(i.__0fprintf$1) refers to serial_debug.o(.text) for fputc
    printf1.o(i.__0printf$1) refers to printf1.o(i._printf_core) for _printf_core
    printf1.o(i.__0printf$1) refers to serial_debug.o(.text) for fputc
    printf1.o(i.__0printf$1) refers to stdout.o(.data) for __stdout
    printf1.o(i.__0snprintf$1) refers to printf1.o(i._printf_core) for _printf_core
    printf1.o(i.__0snprintf$1) refers to printf1.o(i._snputc) for _snputc
    printf1.o(i.__0sprintf$1) refers to printf1.o(i._printf_core) for _printf_core
    printf1.o(i.__0sprintf$1) refers to printf1.o(i._sputc) for _sputc
    printf1.o(i.__0vfprintf$1) refers to printf1.o(i._printf_core) for _printf_core
    printf1.o(i.__0vfprintf$1) refers to serial_debug.o(.text) for fputc
    printf1.o(i.__0vprintf$1) refers to printf1.o(i._printf_core) for _printf_core
    printf1.o(i.__0vprintf$1) refers to serial_debug.o(.text) for fputc
    printf1.o(i.__0vprintf$1) refers to stdout.o(.data) for __stdout
    printf1.o(i.__0vsnprintf$1) refers to printf1.o(i._printf_core) for _printf_core
    printf1.o(i.__0vsnprintf$1) refers to printf1.o(i._snputc) for _snputc
    printf1.o(i.__0vsprintf$1) refers to printf1.o(i._printf_core) for _printf_core
    printf1.o(i.__0vsprintf$1) refers to printf1.o(i._sputc) for _sputc
    printf1.o(i._printf_core) refers to uidiv.o(.text) for __aeabi_uidivmod
    printf2.o(i.__0fprintf$2) refers to printf2.o(i._printf_core) for _printf_core
    printf2.o(i.__0fprintf$2) refers to serial_debug.o(.text) for fputc
    printf2.o(i.__0printf$2) refers to printf2.o(i._printf_core) for _printf_core
    printf2.o(i.__0printf$2) refers to serial_debug.o(.text) for fputc
    printf2.o(i.__0printf$2) refers to stdout.o(.data) for __stdout
    printf2.o(i.__0snprintf$2) refers to printf2.o(i._printf_core) for _printf_core
    printf2.o(i.__0snprintf$2) refers to printf2.o(i._snputc) for _snputc
    printf2.o(i.__0sprintf$2) refers to printf2.o(i._printf_core) for _printf_core
    printf2.o(i.__0sprintf$2) refers to printf2.o(i._sputc) for _sputc
    printf2.o(i.__0vfprintf$2) refers to printf2.o(i._printf_core) for _printf_core
    printf2.o(i.__0vfprintf$2) refers to serial_debug.o(.text) for fputc
    printf2.o(i.__0vprintf$2) refers to printf2.o(i._printf_core) for _printf_core
    printf2.o(i.__0vprintf$2) refers to serial_debug.o(.text) for fputc
    printf2.o(i.__0vprintf$2) refers to stdout.o(.data) for __stdout
    printf2.o(i.__0vsnprintf$2) refers to printf2.o(i._printf_core) for _printf_core
    printf2.o(i.__0vsnprintf$2) refers to printf2.o(i._snputc) for _snputc
    printf2.o(i.__0vsprintf$2) refers to printf2.o(i._printf_core) for _printf_core
    printf2.o(i.__0vsprintf$2) refers to printf2.o(i._sputc) for _sputc
    printf3.o(i.__0fprintf$3) refers to printf3.o(i._printf_core) for _printf_core
    printf3.o(i.__0fprintf$3) refers to serial_debug.o(.text) for fputc
    printf3.o(i.__0printf$3) refers to printf3.o(i._printf_core) for _printf_core
    printf3.o(i.__0printf$3) refers to serial_debug.o(.text) for fputc
    printf3.o(i.__0printf$3) refers to stdout.o(.data) for __stdout
    printf3.o(i.__0snprintf$3) refers to printf3.o(i._printf_core) for _printf_core
    printf3.o(i.__0snprintf$3) refers to printf3.o(i._snputc) for _snputc
    printf3.o(i.__0sprintf$3) refers to printf3.o(i._printf_core) for _printf_core
    printf3.o(i.__0sprintf$3) refers to printf3.o(i._sputc) for _sputc
    printf3.o(i.__0vfprintf$3) refers to printf3.o(i._printf_core) for _printf_core
    printf3.o(i.__0vfprintf$3) refers to serial_debug.o(.text) for fputc
    printf3.o(i.__0vprintf$3) refers to printf3.o(i._printf_core) for _printf_core
    printf3.o(i.__0vprintf$3) refers to serial_debug.o(.text) for fputc
    printf3.o(i.__0vprintf$3) refers to stdout.o(.data) for __stdout
    printf3.o(i.__0vsnprintf$3) refers to printf3.o(i._printf_core) for _printf_core
    printf3.o(i.__0vsnprintf$3) refers to printf3.o(i._snputc) for _snputc
    printf3.o(i.__0vsprintf$3) refers to printf3.o(i._printf_core) for _printf_core
    printf3.o(i.__0vsprintf$3) refers to printf3.o(i._sputc) for _sputc
    printf3.o(i._printf_core) refers to uidiv.o(.text) for __aeabi_uidivmod
    printf4.o(i.__0fprintf$4) refers to printf4.o(i._printf_core) for _printf_core
    printf4.o(i.__0fprintf$4) refers to serial_debug.o(.text) for fputc
    printf4.o(i.__0printf$4) refers to printf4.o(i._printf_core) for _printf_core
    printf4.o(i.__0printf$4) refers to serial_debug.o(.text) for fputc
    printf4.o(i.__0printf$4) refers to stdout.o(.data) for __stdout
    printf4.o(i.__0snprintf$4) refers to printf4.o(i._printf_core) for _printf_core
    printf4.o(i.__0snprintf$4) refers to printf4.o(i._snputc) for _snputc
    printf4.o(i.__0sprintf$4) refers to printf4.o(i._printf_core) for _printf_core
    printf4.o(i.__0sprintf$4) refers to printf4.o(i._sputc) for _sputc
    printf4.o(i.__0vfprintf$4) refers to printf4.o(i._printf_core) for _printf_core
    printf4.o(i.__0vfprintf$4) refers to serial_debug.o(.text) for fputc
    printf4.o(i.__0vprintf$4) refers to printf4.o(i._printf_core) for _printf_core
    printf4.o(i.__0vprintf$4) refers to serial_debug.o(.text) for fputc
    printf4.o(i.__0vprintf$4) refers to stdout.o(.data) for __stdout
    printf4.o(i.__0vsnprintf$4) refers to printf4.o(i._printf_core) for _printf_core
    printf4.o(i.__0vsnprintf$4) refers to printf4.o(i._snputc) for _snputc
    printf4.o(i.__0vsprintf$4) refers to printf4.o(i._printf_core) for _printf_core
    printf4.o(i.__0vsprintf$4) refers to printf4.o(i._sputc) for _sputc
    printf4.o(i._printf_core) refers to uldiv.o(.text) for __aeabi_uldivmod
    printf5.o(i.__0fprintf$5) refers to printf5.o(i._printf_core) for _printf_core
    printf5.o(i.__0fprintf$5) refers to serial_debug.o(.text) for fputc
    printf5.o(i.__0printf$5) refers to printf5.o(i._printf_core) for _printf_core
    printf5.o(i.__0printf$5) refers to serial_debug.o(.text) for fputc
    printf5.o(i.__0printf$5) refers to stdout.o(.data) for __stdout
    printf5.o(i.__0snprintf$5) refers to printf5.o(i._printf_core) for _printf_core
    printf5.o(i.__0snprintf$5) refers to printf5.o(i._snputc) for _snputc
    printf5.o(i.__0sprintf$5) refers to printf5.o(i._printf_core) for _printf_core
    printf5.o(i.__0sprintf$5) refers to printf5.o(i._sputc) for _sputc
    printf5.o(i.__0vfprintf$5) refers to printf5.o(i._printf_core) for _printf_core
    printf5.o(i.__0vfprintf$5) refers to serial_debug.o(.text) for fputc
    printf5.o(i.__0vprintf$5) refers to printf5.o(i._printf_core) for _printf_core
    printf5.o(i.__0vprintf$5) refers to serial_debug.o(.text) for fputc
    printf5.o(i.__0vprintf$5) refers to stdout.o(.data) for __stdout
    printf5.o(i.__0vsnprintf$5) refers to printf5.o(i._printf_core) for _printf_core
    printf5.o(i.__0vsnprintf$5) refers to printf5.o(i._snputc) for _snputc
    printf5.o(i.__0vsprintf$5) refers to printf5.o(i._printf_core) for _printf_core
    printf5.o(i.__0vsprintf$5) refers to printf5.o(i._sputc) for _sputc
    printf5.o(i._printf_core) refers to uldiv.o(.text) for __aeabi_uldivmod
    printf6.o(i.__0fprintf$6) refers to printf6.o(i._printf_core) for _printf_core
    printf6.o(i.__0fprintf$6) refers to serial_debug.o(.text) for fputc
    printf6.o(i.__0printf$6) refers to printf6.o(i._printf_core) for _printf_core
    printf6.o(i.__0printf$6) refers to serial_debug.o(.text) for fputc
    printf6.o(i.__0printf$6) refers to stdout.o(.data) for __stdout
    printf6.o(i.__0snprintf$6) refers to printf6.o(i._printf_core) for _printf_core
    printf6.o(i.__0snprintf$6) refers to printf6.o(i._snputc) for _snputc
    printf6.o(i.__0sprintf$6) refers to printf6.o(i._printf_core) for _printf_core
    printf6.o(i.__0sprintf$6) refers to printf6.o(i._sputc) for _sputc
    printf6.o(i.__0vfprintf$6) refers to printf6.o(i._printf_core) for _printf_core
    printf6.o(i.__0vfprintf$6) refers to serial_debug.o(.text) for fputc
    printf6.o(i.__0vprintf$6) refers to printf6.o(i._printf_core) for _printf_core
    printf6.o(i.__0vprintf$6) refers to serial_debug.o(.text) for fputc
    printf6.o(i.__0vprintf$6) refers to stdout.o(.data) for __stdout
    printf6.o(i.__0vsnprintf$6) refers to printf6.o(i._printf_core) for _printf_core
    printf6.o(i.__0vsnprintf$6) refers to printf6.o(i._snputc) for _snputc
    printf6.o(i.__0vsprintf$6) refers to printf6.o(i._printf_core) for _printf_core
    printf6.o(i.__0vsprintf$6) refers to printf6.o(i._sputc) for _sputc
    printf6.o(i._printf_core) refers to printf6.o(i._printf_pre_padding) for _printf_pre_padding
    printf6.o(i._printf_core) refers to uidiv.o(.text) for __aeabi_uidivmod
    printf6.o(i._printf_core) refers to printf6.o(i._printf_post_padding) for _printf_post_padding
    printf7.o(i.__0fprintf$7) refers to printf7.o(i._printf_core) for _printf_core
    printf7.o(i.__0fprintf$7) refers to serial_debug.o(.text) for fputc
    printf7.o(i.__0printf$7) refers to printf7.o(i._printf_core) for _printf_core
    printf7.o(i.__0printf$7) refers to serial_debug.o(.text) for fputc
    printf7.o(i.__0printf$7) refers to stdout.o(.data) for __stdout
    printf7.o(i.__0snprintf$7) refers to printf7.o(i._printf_core) for _printf_core
    printf7.o(i.__0snprintf$7) refers to printf7.o(i._snputc) for _snputc
    printf7.o(i.__0sprintf$7) refers to printf7.o(i._printf_core) for _printf_core
    printf7.o(i.__0sprintf$7) refers to printf7.o(i._sputc) for _sputc
    printf7.o(i.__0vfprintf$7) refers to printf7.o(i._printf_core) for _printf_core
    printf7.o(i.__0vfprintf$7) refers to serial_debug.o(.text) for fputc
    printf7.o(i.__0vprintf$7) refers to printf7.o(i._printf_core) for _printf_core
    printf7.o(i.__0vprintf$7) refers to serial_debug.o(.text) for fputc
    printf7.o(i.__0vprintf$7) refers to stdout.o(.data) for __stdout
    printf7.o(i.__0vsnprintf$7) refers to printf7.o(i._printf_core) for _printf_core
    printf7.o(i.__0vsnprintf$7) refers to printf7.o(i._snputc) for _snputc
    printf7.o(i.__0vsprintf$7) refers to printf7.o(i._printf_core) for _printf_core
    printf7.o(i.__0vsprintf$7) refers to printf7.o(i._sputc) for _sputc
    printf7.o(i._printf_core) refers to printf7.o(i._printf_pre_padding) for _printf_pre_padding
    printf7.o(i._printf_core) refers to uldiv.o(.text) for __aeabi_uldivmod
    printf7.o(i._printf_core) refers to printf7.o(i._printf_post_padding) for _printf_post_padding
    printf8.o(i.__0fprintf$8) refers to printf8.o(i._printf_core) for _printf_core
    printf8.o(i.__0fprintf$8) refers to serial_debug.o(.text) for fputc
    printf8.o(i.__0printf$8) refers to printf8.o(i._printf_core) for _printf_core
    printf8.o(i.__0printf$8) refers to serial_debug.o(.text) for fputc
    printf8.o(i.__0printf$8) refers to stdout.o(.data) for __stdout
    printf8.o(i.__0snprintf$8) refers to printf8.o(i._printf_core) for _printf_core
    printf8.o(i.__0snprintf$8) refers to printf8.o(i._snputc) for _snputc
    printf8.o(i.__0sprintf$8) refers to printf8.o(i._printf_core) for _printf_core
    printf8.o(i.__0sprintf$8) refers to printf8.o(i._sputc) for _sputc
    printf8.o(i.__0vfprintf$8) refers to printf8.o(i._printf_core) for _printf_core
    printf8.o(i.__0vfprintf$8) refers to serial_debug.o(.text) for fputc
    printf8.o(i.__0vprintf$8) refers to printf8.o(i._printf_core) for _printf_core
    printf8.o(i.__0vprintf$8) refers to serial_debug.o(.text) for fputc
    printf8.o(i.__0vprintf$8) refers to stdout.o(.data) for __stdout
    printf8.o(i.__0vsnprintf$8) refers to printf8.o(i._printf_core) for _printf_core
    printf8.o(i.__0vsnprintf$8) refers to printf8.o(i._snputc) for _snputc
    printf8.o(i.__0vsprintf$8) refers to printf8.o(i._printf_core) for _printf_core
    printf8.o(i.__0vsprintf$8) refers to printf8.o(i._sputc) for _sputc
    printf8.o(i._printf_core) refers to printf8.o(i._printf_pre_padding) for _printf_pre_padding
    printf8.o(i._printf_core) refers to uldiv.o(.text) for __aeabi_uldivmod
    printf8.o(i._printf_core) refers to printf8.o(i._printf_post_padding) for _printf_post_padding
    printfa.o(i.__0fprintf) refers (Special) to iusefp.o(.text) for __I$use$fp
    printfa.o(i.__0fprintf) refers to printfa.o(i._printf_core) for _printf_core
    printfa.o(i.__0fprintf) refers to serial_debug.o(.text) for fputc
    printfa.o(i.__0printf) refers (Special) to iusefp.o(.text) for __I$use$fp
    printfa.o(i.__0printf) refers to printfa.o(i._printf_core) for _printf_core
    printfa.o(i.__0printf) refers to serial_debug.o(.text) for fputc
    printfa.o(i.__0printf) refers to stdout.o(.data) for __stdout
    printfa.o(i.__0snprintf) refers (Special) to iusefp.o(.text) for __I$use$fp
    printfa.o(i.__0snprintf) refers to printfa.o(i._printf_core) for _printf_core
    printfa.o(i.__0snprintf) refers to printfa.o(i._snputc) for _snputc
    printfa.o(i.__0sprintf) refers (Special) to iusefp.o(.text) for __I$use$fp
    printfa.o(i.__0sprintf) refers to printfa.o(i._printf_core) for _printf_core
    printfa.o(i.__0sprintf) refers to printfa.o(i._sputc) for _sputc
    printfa.o(i.__0vfprintf) refers (Special) to iusefp.o(.text) for __I$use$fp
    printfa.o(i.__0vfprintf) refers to printfa.o(i._printf_core) for _printf_core
    printfa.o(i.__0vfprintf) refers to serial_debug.o(.text) for fputc
    printfa.o(i.__0vprintf) refers (Special) to iusefp.o(.text) for __I$use$fp
    printfa.o(i.__0vprintf) refers to printfa.o(i._printf_core) for _printf_core
    printfa.o(i.__0vprintf) refers to serial_debug.o(.text) for fputc
    printfa.o(i.__0vprintf) refers to stdout.o(.data) for __stdout
    printfa.o(i.__0vsnprintf) refers (Special) to iusefp.o(.text) for __I$use$fp
    printfa.o(i.__0vsnprintf) refers to printfa.o(i._printf_core) for _printf_core
    printfa.o(i.__0vsnprintf) refers to printfa.o(i._snputc) for _snputc
    printfa.o(i.__0vsprintf) refers (Special) to iusefp.o(.text) for __I$use$fp
    printfa.o(i.__0vsprintf) refers to printfa.o(i._printf_core) for _printf_core
    printfa.o(i.__0vsprintf) refers to printfa.o(i._sputc) for _sputc
    printfa.o(i._fp_digits) refers (Special) to iusefp.o(.text) for __I$use$fp
    printfa.o(i._fp_digits) refers to dmul.o(.text) for __aeabi_dmul
    printfa.o(i._fp_digits) refers to ddiv.o(.text) for __aeabi_ddiv
    printfa.o(i._fp_digits) refers to cdrcmple.o(.text) for __aeabi_cdrcmple
    printfa.o(i._fp_digits) refers to dadd.o(.text) for __aeabi_dadd
    printfa.o(i._fp_digits) refers to dfixul.o(.text) for __aeabi_d2ulz
    printfa.o(i._fp_digits) refers to uldiv.o(.text) for __aeabi_uldivmod
    printfa.o(i._printf_core) refers (Special) to iusefp.o(.text) for __I$use$fp
    printfa.o(i._printf_core) refers to printfa.o(i._printf_pre_padding) for _printf_pre_padding
    printfa.o(i._printf_core) refers to uldiv.o(.text) for __aeabi_uldivmod
    printfa.o(i._printf_core) refers to printfa.o(i._printf_post_padding) for _printf_post_padding
    printfa.o(i._printf_core) refers to printfa.o(i._fp_digits) for _fp_digits
    printfa.o(i._printf_core) refers to uidiv.o(.text) for __aeabi_uidivmod
    printfa.o(i._printf_post_padding) refers (Special) to iusefp.o(.text) for __I$use$fp
    printfa.o(i._printf_pre_padding) refers (Special) to iusefp.o(.text) for __I$use$fp
    printfa.o(i._snputc) refers (Special) to iusefp.o(.text) for __I$use$fp
    printfa.o(i._sputc) refers (Special) to iusefp.o(.text) for __I$use$fp
    malloc.o(i.free) refers to mvars.o(.data) for __microlib_freelist
    malloc.o(i.malloc) refers to mvars.o(.data) for __microlib_freelist_initialised
    malloc.o(i.malloc) refers to mvars.o(.data) for __microlib_freelist
    malloc.o(i.malloc) refers to startup_tm4c123.o(HEAP) for __heap_base
    mallocr.o(i.__free$realloc) refers to mvars.o(.data) for __microlib_freelist
    mallocr.o(i.__malloc$realloc) refers to mallocr.o(i.internal_alloc) for internal_alloc
    mallocr.o(i.__malloc$realloc) refers to mvars.o(.data) for __microlib_freelist_initialised
    mallocr.o(i.__malloc$realloc) refers to startup_tm4c123.o(HEAP) for __heap_base
    mallocr.o(i.__malloc$realloc) refers to mvars.o(.data) for __microlib_freelist
    mallocr.o(i.internal_alloc) refers to memcpya.o(.text) for __aeabi_memcpy
    mallocr.o(i.internal_alloc) refers to mvars.o(.data) for __microlib_freelist
    mallocr.o(i.realloc) refers to mallocr.o(i.__free$realloc) for __free$realloc
    mallocr.o(i.realloc) refers to mallocr.o(i.internal_alloc) for internal_alloc
    mallocr.o(i.realloc) refers to mallocr.o(i.__malloc$realloc) for __malloc$realloc
    mallocr.o(i.realloc) refers to mvars.o(.data) for __microlib_freelist
    malloca.o(i.__aligned_malloc) refers to mvars.o(.data) for __microlib_freelist_initialised
    malloca.o(i.__aligned_malloc) refers to mvars.o(.data) for __microlib_freelist
    malloca.o(i.__aligned_malloc) refers to startup_tm4c123.o(HEAP) for __heap_base
    malloca.o(i.__free$memalign) refers to mvars.o(.data) for __microlib_freelist
    malloca.o(i.__malloc$memalign) refers to malloca.o(i.__aligned_malloc) for __aligned_malloc
    mallocra.o(i.__aligned_malloc$realloc) refers to mallocra.o(i.internal_alloc) for internal_alloc
    mallocra.o(i.__aligned_malloc$realloc) refers to mvars.o(.data) for __microlib_freelist_initialised
    mallocra.o(i.__aligned_malloc$realloc) refers to startup_tm4c123.o(HEAP) for __heap_base
    mallocra.o(i.__aligned_malloc$realloc) refers to mvars.o(.data) for __microlib_freelist
    mallocra.o(i.__free$realloc$memalign) refers to mvars.o(.data) for __microlib_freelist
    mallocra.o(i.__malloc$realloc$memalign) refers to mallocra.o(i.__aligned_malloc$realloc) for __aligned_malloc$realloc
    mallocra.o(i.__realloc$memalign) refers to mallocra.o(i.__free$realloc$memalign) for __free$realloc$memalign
    mallocra.o(i.__realloc$memalign) refers to mallocra.o(i.internal_alloc) for internal_alloc
    mallocra.o(i.__realloc$memalign) refers to mallocra.o(i.__malloc$realloc$memalign) for __malloc$realloc$memalign
    mallocra.o(i.__realloc$memalign) refers to mvars.o(.data) for __microlib_freelist
    mallocra.o(i.internal_alloc) refers to memcpya.o(.text) for __aeabi_memcpy
    mallocra.o(i.internal_alloc) refers to mvars.o(.data) for __microlib_freelist
    entry2.o(.ARM.Collect$$$$00000001) refers to entry2.o(.ARM.Collect$$$$00002712) for __lit__00000000
    entry2.o(.ARM.Collect$$$$00002712) refers to startup_tm4c123.o(STACK) for __initial_sp
    entry2.o(__vectab_stack_and_reset_area) refers to startup_tm4c123.o(STACK) for __initial_sp
    entry2.o(__vectab_stack_and_reset_area) refers to entry.o(.ARM.Collect$$$$00000000) for __main
    entry5.o(.ARM.Collect$$$$00000004) refers to init.o(.text) for __scatterload
    entry9a.o(.ARM.Collect$$$$0000000B) refers to main.o(.text) for main
    entry9b.o(.ARM.Collect$$$$0000000C) refers to main.o(.text) for main
    uldiv.o(.text) refers to llushr.o(.text) for __aeabi_llsr
    uldiv.o(.text) refers to llshl.o(.text) for __aeabi_llsl
    dadd.o(.text) refers to llshl.o(.text) for __aeabi_llsl
    dadd.o(.text) refers to llsshr.o(.text) for __aeabi_lasr
    dadd.o(.text) refers to depilogue.o(.text) for _double_epilogue
    dmul.o(.text) refers to depilogue.o(.text) for _double_epilogue
    ddiv.o(.text) refers to depilogue.o(.text) for _double_round
    dfixul.o(.text) refers to llushr.o(.text) for __aeabi_llsr
    dfixul.o(.text) refers to llshl.o(.text) for __aeabi_llsl
    init.o(.text) refers to entry5.o(.ARM.Collect$$$$00000004) for __main_after_scatterload
    depilogue.o(.text) refers to llshl.o(.text) for __aeabi_llsl
    depilogue.o(.text) refers to llushr.o(.text) for __aeabi_llsr


==============================================================================

Removing Unused input sections from the image.

    Removing main.o(.rev16_text), (4 bytes).
    Removing main.o(.revsh_text), (4 bytes).
    Removing main.o(.rrx_text), (6 bytes).
    Removing project_hardware_init.o(.rev16_text), (4 bytes).
    Removing project_hardware_init.o(.revsh_text), (4 bytes).
    Removing project_hardware_init.o(.rrx_text), (6 bytes).
    Removing project_interrupts.o(.rev16_text), (4 bytes).
    Removing project_interrupts.o(.revsh_text), (4 bytes).
    Removing project_interrupts.o(.rrx_text), (6 bytes).
    Removing final_images.o(.constdata), (123 bytes).
    Removing adc.o(.rev16_text), (4 bytes).
    Removing adc.o(.revsh_text), (4 bytes).
    Removing adc.o(.rrx_text), (6 bytes).
    Removing adc.o(.text), (180 bytes).
    Removing gpio_port.o(.rev16_text), (4 bytes).
    Removing gpio_port.o(.revsh_text), (4 bytes).
    Removing gpio_port.o(.rrx_text), (6 bytes).
    Removing i2c.o(.rev16_text), (4 bytes).
    Removing i2c.o(.revsh_text), (4 bytes).
    Removing i2c.o(.rrx_text), (6 bytes).
    Removing i2c.o(.text), (520 bytes).
    Removing spi.o(.rev16_text), (4 bytes).
    Removing spi.o(.revsh_text), (4 bytes).
    Removing spi.o(.rrx_text), (6 bytes).
    Removing spi.o(.text), (352 bytes).
    Removing timers.o(.rev16_text), (4 bytes).
    Removing timers.o(.revsh_text), (4 bytes).
    Removing timers.o(.rrx_text), (6 bytes).
    Removing uart.o(.rev16_text), (4 bytes).
    Removing uart.o(.revsh_text), (4 bytes).
    Removing uart.o(.rrx_text), (6 bytes).
    Removing accel.o(.rev16_text), (4 bytes).
    Removing accel.o(.revsh_text), (4 bytes).
    Removing accel.o(.rrx_text), (6 bytes).
    Removing accel.o(.text), (224 bytes).
    Removing eeprom.o(.rev16_text), (4 bytes).
    Removing eeprom.o(.revsh_text), (4 bytes).
    Removing eeprom.o(.rrx_text), (6 bytes).
    Removing eeprom.o(.text), (440 bytes).
    Removing ft6x06.o(.rev16_text), (4 bytes).
    Removing ft6x06.o(.revsh_text), (4 bytes).
    Removing ft6x06.o(.rrx_text), (6 bytes).
    Removing ft6x06.o(.text), (404 bytes).
    Removing launchpad_io.o(.rev16_text), (4 bytes).
    Removing launchpad_io.o(.revsh_text), (4 bytes).
    Removing launchpad_io.o(.rrx_text), (6 bytes).
    Removing launchpad_io.o(.text), (188 bytes).
    Removing lcd.o(.rev16_text), (4 bytes).
    Removing lcd.o(.revsh_text), (4 bytes).
    Removing lcd.o(.rrx_text), (6 bytes).
    Removing lcd.o(.text), (1166 bytes).
    Removing ps2.o(.rev16_text), (4 bytes).
    Removing ps2.o(.revsh_text), (4 bytes).
    Removing ps2.o(.rrx_text), (6 bytes).
    Removing ps2.o(.text), (88 bytes).
    Removing serial_debug.o(.rev16_text), (4 bytes).
    Removing serial_debug.o(.revsh_text), (4 bytes).
    Removing serial_debug.o(.rrx_text), (6 bytes).
    Removing spi_select.o(.rev16_text), (4 bytes).
    Removing spi_select.o(.revsh_text), (4 bytes).
    Removing spi_select.o(.rrx_text), (6 bytes).
    Removing spi_select.o(.text), (164 bytes).
    Removing ws2812b.o(FLASH), (160 bytes).
    Removing system_tm4c123.o(.rev16_text), (4 bytes).
    Removing system_tm4c123.o(.revsh_text), (4 bytes).
    Removing system_tm4c123.o(.rrx_text), (6 bytes).
    Removing dadd.o(.text), (334 bytes).
    Removing dmul.o(.text), (228 bytes).
    Removing ddiv.o(.text), (222 bytes).
    Removing dfixul.o(.text), (48 bytes).
    Removing cdrcmple.o(.text), (48 bytes).
    Removing depilogue.o(.text), (186 bytes).
    Removing lcd.o(i.lcd_write_data_u16), (60 bytes).

73 unused section(s) (total 5387 bytes) removed from the image.

==============================================================================

Image Symbol Table

    Local Symbols

    Symbol Name                              Value     Ov Type        Size  Object(Section)

    RESET                                    0x00000000   Section      620  startup_tm4c123.o(RESET)
    ../clib/microlib/division.c              0x00000000   Number         0  uldiv.o ABSOLUTE
    ../clib/microlib/division.c              0x00000000   Number         0  uidiv.o ABSOLUTE
    ../clib/microlib/init/entry.s            0x00000000   Number         0  entry7a.o ABSOLUTE
    ../clib/microlib/init/entry.s            0x00000000   Number         0  entry9b.o ABSOLUTE
    ../clib/microlib/init/entry.s            0x00000000   Number         0  entry9a.o ABSOLUTE
    ../clib/microlib/init/entry.s            0x00000000   Number         0  entry11b.o ABSOLUTE
    ../clib/microlib/init/entry.s            0x00000000   Number         0  entry8b.o ABSOLUTE
    ../clib/microlib/init/entry.s            0x00000000   Number         0  entry8a.o ABSOLUTE
    ../clib/microlib/init/entry.s            0x00000000   Number         0  entry7b.o ABSOLUTE
    ../clib/microlib/init/entry.s            0x00000000   Number         0  entry11a.o ABSOLUTE
    ../clib/microlib/init/entry.s            0x00000000   Number         0  entry10b.o ABSOLUTE
    ../clib/microlib/init/entry.s            0x00000000   Number         0  entry10a.o ABSOLUTE
    ../clib/microlib/init/entry.s            0x00000000   Number         0  entry5.o ABSOLUTE
    ../clib/microlib/init/entry.s            0x00000000   Number         0  entry2.o ABSOLUTE
    ../clib/microlib/init/entry.s            0x00000000   Number         0  entry.o ABSOLUTE
    ../clib/microlib/longlong.c              0x00000000   Number         0  llshl.o ABSOLUTE
    ../clib/microlib/longlong.c              0x00000000   Number         0  llsshr.o ABSOLUTE
    ../clib/microlib/longlong.c              0x00000000   Number         0  llushr.o ABSOLUTE
    ../clib/microlib/malloc/malloc.c         0x00000000   Number         0  malloca.o ABSOLUTE
    ../clib/microlib/malloc/malloc.c         0x00000000   Number         0  mallocra.o ABSOLUTE
    ../clib/microlib/malloc/malloc.c         0x00000000   Number         0  mallocr.o ABSOLUTE
    ../clib/microlib/malloc/malloc.c         0x00000000   Number         0  malloc.o ABSOLUTE
    ../clib/microlib/malloc/mvars.c          0x00000000   Number         0  mvars.o ABSOLUTE
    ../clib/microlib/printf/printf.c         0x00000000   Number         0  printf7.o ABSOLUTE
    ../clib/microlib/printf/printf.c         0x00000000   Number         0  printf8.o ABSOLUTE
    ../clib/microlib/printf/printf.c         0x00000000   Number         0  printf4.o ABSOLUTE
    ../clib/microlib/printf/printf.c         0x00000000   Number         0  printf5.o ABSOLUTE
    ../clib/microlib/printf/printf.c         0x00000000   Number         0  printf6.o ABSOLUTE
    ../clib/microlib/printf/printf.c         0x00000000   Number         0  printf0.o ABSOLUTE
    ../clib/microlib/printf/printf.c         0x00000000   Number         0  printfa.o ABSOLUTE
    ../clib/microlib/printf/printf.c         0x00000000   Number         0  printf1.o ABSOLUTE
    ../clib/microlib/printf/printf.c         0x00000000   Number         0  printfb.o ABSOLUTE
    ../clib/microlib/printf/printf.c         0x00000000   Number         0  printf3.o ABSOLUTE
    ../clib/microlib/printf/printf.c         0x00000000   Number         0  printf2.o ABSOLUTE
    ../clib/microlib/stdio/streams.c         0x00000000   Number         0  stdout.o ABSOLUTE
    ../clib/microlib/string/memcpy.c         0x00000000   Number         0  memcpyb.o ABSOLUTE
    ../clib/microlib/string/memcpy.c         0x00000000   Number         0  memcpya.o ABSOLUTE
    ../clib/microlib/stubs.s                 0x00000000   Number         0  iusefp.o ABSOLUTE
    ../fplib/microlib/fpadd.c                0x00000000   Number         0  dadd.o ABSOLUTE
    ../fplib/microlib/fpdiv.c                0x00000000   Number         0  ddiv.o ABSOLUTE
    ../fplib/microlib/fpepilogue.c           0x00000000   Number         0  depilogue.o ABSOLUTE
    ../fplib/microlib/fpfix.c                0x00000000   Number         0  dfixul.o ABSOLUTE
    ../fplib/microlib/fpmul.c                0x00000000   Number         0  dmul.o ABSOLUTE
    ..\\drivers\\c\\adc.c                    0x00000000   Number         0  adc.o ABSOLUTE
    ..\\drivers\\c\\gpio_port.c              0x00000000   Number         0  gpio_port.o ABSOLUTE
    ..\\drivers\\c\\i2c.c                    0x00000000   Number         0  i2c.o ABSOLUTE
    ..\\drivers\\c\\spi.c                    0x00000000   Number         0  spi.o ABSOLUTE
    ..\\drivers\\c\\timers.c                 0x00000000   Number         0  timers.o ABSOLUTE
    ..\\drivers\\c\\uart.c                   0x00000000   Number         0  uart.o ABSOLUTE
    ..\\peripherals\\c\\accel.c              0x00000000   Number         0  accel.o ABSOLUTE
    ..\\peripherals\\c\\eeprom.c             0x00000000   Number         0  eeprom.o ABSOLUTE
    ..\\peripherals\\c\\ft6x06.c             0x00000000   Number         0  ft6x06.o ABSOLUTE
    ..\\peripherals\\c\\launchpad_io.c       0x00000000   Number         0  launchpad_io.o ABSOLUTE
    ..\\peripherals\\c\\lcd.c                0x00000000   Number         0  lcd.o ABSOLUTE
    ..\\peripherals\\c\\ps2.c                0x00000000   Number         0  ps2.o ABSOLUTE
    ..\\peripherals\\c\\serial_debug.c       0x00000000   Number         0  serial_debug.o ABSOLUTE
    ..\\peripherals\\c\\spi_select.c         0x00000000   Number         0  spi_select.o ABSOLUTE
    ..\drivers\c\adc.c                       0x00000000   Number         0  adc.o ABSOLUTE
    ..\drivers\c\gpio_port.c                 0x00000000   Number         0  gpio_port.o ABSOLUTE
    ..\drivers\c\i2c.c                       0x00000000   Number         0  i2c.o ABSOLUTE
    ..\drivers\c\pc_buffer.c                 0x00000000   Number         0  pc_buffer.o ABSOLUTE
    ..\drivers\c\spi.c                       0x00000000   Number         0  spi.o ABSOLUTE
    ..\drivers\c\timers.c                    0x00000000   Number         0  timers.o ABSOLUTE
    ..\drivers\c\uart.c                      0x00000000   Number         0  uart.o ABSOLUTE
    ..\peripherals\c\accel.c                 0x00000000   Number         0  accel.o ABSOLUTE
    ..\peripherals\c\eeprom.c                0x00000000   Number         0  eeprom.o ABSOLUTE
    ..\peripherals\c\ft6x06.c                0x00000000   Number         0  ft6x06.o ABSOLUTE
    ..\peripherals\c\launchpad_io.c          0x00000000   Number         0  launchpad_io.o ABSOLUTE
    ..\peripherals\c\lcd.c                   0x00000000   Number         0  lcd.o ABSOLUTE
    ..\peripherals\c\ps2.c                   0x00000000   Number         0  ps2.o ABSOLUTE
    ..\peripherals\c\serial_debug.c          0x00000000   Number         0  serial_debug.o ABSOLUTE
    ..\peripherals\c\spi_select.c            0x00000000   Number         0  spi_select.o ABSOLUTE
    ..\peripherals\c\ws2812b.s               0x00000000   Number         0  ws2812b.o ABSOLUTE
    RTE\Device\TM4C123GH6PM\startup_TM4C123.s 0x00000000   Number         0  startup_tm4c123.o ABSOLUTE
    RTE\Device\TM4C123GH6PM\system_TM4C123.c 0x00000000   Number         0  system_tm4c123.o ABSOLUTE
    RTE\\Device\\TM4C123GH6PM\\system_TM4C123.c 0x00000000   Number         0  system_tm4c123.o ABSOLUTE
    cdrcmple.s                               0x00000000   Number         0  cdrcmple.o ABSOLUTE
    dc.s                                     0x00000000   Number         0  dc.o ABSOLUTE
    final_images.c                           0x00000000   Number         0  final_images.o ABSOLUTE
    handlers.s                               0x00000000   Number         0  handlers.o ABSOLUTE
    init.s                                   0x00000000   Number         0  init.o ABSOLUTE
    main.c                                   0x00000000   Number         0  main.o ABSOLUTE
    main.c                                   0x00000000   Number         0  main.o ABSOLUTE
    project_hardware_init.c                  0x00000000   Number         0  project_hardware_init.o ABSOLUTE
    project_hardware_init.c                  0x00000000   Number         0  project_hardware_init.o ABSOLUTE
    project_interrupts.c                     0x00000000   Number         0  project_interrupts.o ABSOLUTE
    project_interrupts.c                     0x00000000   Number         0  project_interrupts.o ABSOLUTE
    .ARM.Collect$$$$00000000                 0x0000026c   Section        0  entry.o(.ARM.Collect$$$$00000000)
    .ARM.Collect$$$$00000001                 0x0000026c   Section        4  entry2.o(.ARM.Collect$$$$00000001)
    .ARM.Collect$$$$00000004                 0x00000270   Section        4  entry5.o(.ARM.Collect$$$$00000004)
    .ARM.Collect$$$$00000008                 0x00000274   Section        0  entry7b.o(.ARM.Collect$$$$00000008)
    .ARM.Collect$$$$0000000A                 0x00000274   Section        0  entry8b.o(.ARM.Collect$$$$0000000A)
    .ARM.Collect$$$$0000000B                 0x00000274   Section        8  entry9a.o(.ARM.Collect$$$$0000000B)
    .ARM.Collect$$$$0000000D                 0x0000027c   Section        0  entry10a.o(.ARM.Collect$$$$0000000D)
    .ARM.Collect$$$$0000000F                 0x0000027c   Section        0  entry11a.o(.ARM.Collect$$$$0000000F)
    .ARM.Collect$$$$00002712                 0x0000027c   Section        4  entry2.o(.ARM.Collect$$$$00002712)
    __lit__00000000                          0x0000027c   Data           4  entry2.o(.ARM.Collect$$$$00002712)
    .text                                    0x00000280   Section        0  main.o(.text)
    .text                                    0x0000033c   Section        0  project_hardware_init.o(.text)
    .text                                    0x00000348   Section        0  project_interrupts.o(.text)
    .text                                    0x000003ac   Section        0  gpio_port.o(.text)
    verify_base_addr                         0x000003ad   Thumb Code    64  gpio_port.o(.text)
    .text                                    0x0000063c   Section        0  pc_buffer.o(.text)
    .text                                    0x000006b4   Section        0  timers.o(.text)
    verify_base_addr                         0x000006b5   Thumb Code    64  timers.o(.text)
    get_clock_masks                          0x0000073f   Thumb Code   106  timers.o(.text)
    .text                                    0x000008ec   Section        0  uart.o(.text)
    .text                                    0x00000b7c   Section        0  serial_debug.o(.text)
    .text                                    0x00000d60   Section      252  startup_tm4c123.o(.text)
    $v0                                      0x00000d60   Number         0  startup_tm4c123.o(.text)
    .text                                    0x00000e5c   Section        0  system_tm4c123.o(.text)
    getOscClk                                0x00000e5d   Thumb Code   182  system_tm4c123.o(.text)
    .text                                    0x000010ac   Section       36  init.o(.text)
    i.__0printf$bare                         0x000010d0   Section        0  printfb.o(i.__0printf$bare)
    i.__scatterload_copy                     0x000010e0   Section       14  handlers.o(i.__scatterload_copy)
    i.__scatterload_null                     0x000010ee   Section        2  handlers.o(i.__scatterload_null)
    i.__scatterload_zeroinit                 0x000010f0   Section       14  handlers.o(i.__scatterload_zeroinit)
    i._printf_core                           0x000010fe   Section        0  printfb.o(i._printf_core)
    _printf_core                             0x000010ff   Thumb Code    34  printfb.o(i._printf_core)
    i.malloc                                 0x00001120   Section        0  malloc.o(i.malloc)
    .data                                    0x20000000   Section        4  project_interrupts.o(.data)
    PS2_X_DATA                               0x20000000   Data           2  project_interrupts.o(.data)
    PS2_Y_DATA                               0x20000002   Data           2  project_interrupts.o(.data)
    .data                                    0x20000004   Section        2  serial_debug.o(.data)
    Rx_Interrupts_Enabled                    0x20000004   Data           1  serial_debug.o(.data)
    Tx_Interrupts_Enabled                    0x20000005   Data           1  serial_debug.o(.data)
    .data                                    0x20000008   Section        4  system_tm4c123.o(.data)
    .data                                    0x2000000c   Section        4  stdout.o(.data)
    .data                                    0x20000010   Section        4  mvars.o(.data)
    .data                                    0x20000014   Section        4  mvars.o(.data)
    .bss                                     0x20000018   Section       28  serial_debug.o(.bss)
    HEAP                                     0x20000038   Section        0  startup_tm4c123.o(HEAP)
    STACK                                    0x20000038   Section     4096  startup_tm4c123.o(STACK)

    Global Symbols

    Symbol Name                              Value     Ov Type        Size  Object(Section)

    BuildAttributes$$THM_ISAv4$E$P$D$K$B$S$7EM$VFPi3$EXTD16$VFPS$VFMA$PE$A:L22UL41UL21$X:L11$S22US41US21$IEEE1$IW$USESV6$~STKCKD$USESV7$~SHL$OSPACE$ROPI$EBA8$MICROLIB$REQ8$EABIv2 0x00000000   Number         0  anon$$obj.o ABSOLUTE
    __ARM_use_no_argv                        0x00000000   Number         0  main.o ABSOLUTE
    __Vectors                                0x00000000   Data           4  startup_tm4c123.o(RESET)
    __cpp_initialize__aeabi_                  - Undefined Weak Reference
    __cxa_finalize                            - Undefined Weak Reference
    __decompress                              - Undefined Weak Reference
    _clock_init                               - Undefined Weak Reference
    _microlib_exit                            - Undefined Weak Reference
    __Vectors_End                            0x0000026c   Data           0  startup_tm4c123.o(RESET)
    __Vectors_Size                           0x0000026c   Number         0  startup_tm4c123.o ABSOLUTE
    __main                                   0x0000026d   Thumb Code     0  entry.o(.ARM.Collect$$$$00000000)
    _main_stk                                0x0000026d   Thumb Code     0  entry2.o(.ARM.Collect$$$$00000001)
    _main_scatterload                        0x00000271   Thumb Code     0  entry5.o(.ARM.Collect$$$$00000004)
    __main_after_scatterload                 0x00000275   Thumb Code     0  entry5.o(.ARM.Collect$$$$00000004)
    _main_clock                              0x00000275   Thumb Code     0  entry7b.o(.ARM.Collect$$$$00000008)
    _main_cpp_init                           0x00000275   Thumb Code     0  entry8b.o(.ARM.Collect$$$$0000000A)
    _main_init                               0x00000275   Thumb Code     0  entry9a.o(.ARM.Collect$$$$0000000B)
    __rt_final_cpp                           0x0000027d   Thumb Code     0  entry10a.o(.ARM.Collect$$$$0000000D)
    __rt_final_exit                          0x0000027d   Thumb Code     0  entry11a.o(.ARM.Collect$$$$0000000F)
    DisableInterrupts                        0x00000281   Thumb Code     4  main.o(.text)
    EnableInterrupts                         0x00000285   Thumb Code     4  main.o(.text)
    initialize_board                         0x00000289   Thumb Code    20  main.o(.text)
    main                                     0x0000029d   Thumb Code    82  main.o(.text)
    initialize_hardware                      0x0000033d   Thumb Code    12  project_hardware_init.o(.text)
    initialize_interrupts                    0x00000349   Thumb Code    22  project_interrupts.o(.text)
    TIMER4A_Handler                          0x0000035f   Thumb Code    20  project_interrupts.o(.text)
    ADC0SS2_Handler                          0x00000373   Thumb Code    42  project_interrupts.o(.text)
    gpio_get_irq_num                         0x000003ed   Thumb Code    74  gpio_port.o(.text)
    gpio_enable_port                         0x00000437   Thumb Code   156  gpio_port.o(.text)
    gpio_config_digital_enable               0x000004d3   Thumb Code    34  gpio_port.o(.text)
    gpio_config_enable_output                0x000004f5   Thumb Code    34  gpio_port.o(.text)
    gpio_config_enable_input                 0x00000517   Thumb Code    34  gpio_port.o(.text)
    gpio_config_enable_pullup                0x00000539   Thumb Code    34  gpio_port.o(.text)
    gpio_config_enable_pulldown              0x0000055b   Thumb Code    34  gpio_port.o(.text)
    gpio_config_analog_enable                0x0000057d   Thumb Code    34  gpio_port.o(.text)
    gpio_config_alternate_function           0x0000059f   Thumb Code    34  gpio_port.o(.text)
    gpio_config_port_control                 0x000005c1   Thumb Code    50  gpio_port.o(.text)
    gpio_config_open_drain                   0x000005f3   Thumb Code    34  gpio_port.o(.text)
    gpio_config_falling_edge_irq             0x00000615   Thumb Code     6  gpio_port.o(.text)
    pc_buffer_init                           0x0000063d   Thumb Code    26  pc_buffer.o(.text)
    pc_buffer_add                            0x00000657   Thumb Code    26  pc_buffer.o(.text)
    pc_buffer_remove                         0x00000671   Thumb Code    28  pc_buffer.o(.text)
    pc_buffer_empty                          0x0000068d   Thumb Code    18  pc_buffer.o(.text)
    pc_buffer_full                           0x0000069f   Thumb Code    22  pc_buffer.o(.text)
    timer_get_irq_num                        0x000006f5   Thumb Code    74  timers.o(.text)
    gp_timer_wait                            0x000007a9   Thumb Code    64  timers.o(.text)
    gp_timer_config_32                       0x000007e9   Thumb Code   236  timers.o(.text)
    verify_uart_base                         0x000008ed   Thumb Code    54  uart.o(.text)
    uart_get_rcgc_mask                       0x00000923   Thumb Code    68  uart.o(.text)
    uart_get_pr_mask                         0x00000967   Thumb Code    68  uart.o(.text)
    uart_get_irq_num                         0x000009ab   Thumb Code    68  uart.o(.text)
    uart_tx_poll                             0x000009ef   Thumb Code    38  uart.o(.text)
    uart_tx_poll_string                      0x00000a15   Thumb Code    50  uart.o(.text)
    uart_rx_poll                             0x00000a47   Thumb Code    70  uart.o(.text)
    uart_init                                0x00000a8d   Thumb Code   218  uart.o(.text)
    init_serial_debug                        0x00000b7d   Thumb Code   102  serial_debug.o(.text)
    serial_debug_rx                          0x00000be3   Thumb Code    46  serial_debug.o(.text)
    serial_debug_tx                          0x00000c11   Thumb Code    86  serial_debug.o(.text)
    fputc                                    0x00000c67   Thumb Code    66  serial_debug.o(.text)
    fgetc                                    0x00000ca9   Thumb Code    50  serial_debug.o(.text)
    UART0_Handler                            0x00000cdb   Thumb Code   110  serial_debug.o(.text)
    Reset_Handler                            0x00000d61   Thumb Code     8  startup_tm4c123.o(.text)
    NMI_Handler                              0x00000d69   Thumb Code     2  startup_tm4c123.o(.text)
    HardFault_Handler                        0x00000d6b   Thumb Code     2  startup_tm4c123.o(.text)
    MemManage_Handler                        0x00000d6d   Thumb Code     2  startup_tm4c123.o(.text)
    BusFault_Handler                         0x00000d6f   Thumb Code     2  startup_tm4c123.o(.text)
    UsageFault_Handler                       0x00000d71   Thumb Code     2  startup_tm4c123.o(.text)
    SVC_Handler                              0x00000d73   Thumb Code     2  startup_tm4c123.o(.text)
    DebugMon_Handler                         0x00000d75   Thumb Code     2  startup_tm4c123.o(.text)
    PendSV_Handler                           0x00000d77   Thumb Code     2  startup_tm4c123.o(.text)
    SysTick_Handler                          0x00000d79   Thumb Code     2  startup_tm4c123.o(.text)
    GPIOA_Handler                            0x00000d7b   Thumb Code     2  startup_tm4c123.o(.text)
    GPIOB_Handler                            0x00000d7d   Thumb Code     2  startup_tm4c123.o(.text)
    GPIOC_Handler                            0x00000d7f   Thumb Code     2  startup_tm4c123.o(.text)
    GPIOD_Handler                            0x00000d81   Thumb Code     2  startup_tm4c123.o(.text)
    GPIOE_Handler                            0x00000d83   Thumb Code     2  startup_tm4c123.o(.text)
    UART1_Handler                            0x00000d87   Thumb Code     2  startup_tm4c123.o(.text)
    SSI0_Handler                             0x00000d89   Thumb Code     2  startup_tm4c123.o(.text)
    I2C0_Handler                             0x00000d8b   Thumb Code     2  startup_tm4c123.o(.text)
    PMW0_FAULT_Handler                       0x00000d8d   Thumb Code     2  startup_tm4c123.o(.text)
    PWM0_0_Handler                           0x00000d8f   Thumb Code     2  startup_tm4c123.o(.text)
    PWM0_1_Handler                           0x00000d91   Thumb Code     2  startup_tm4c123.o(.text)
    PWM0_2_Handler                           0x00000d93   Thumb Code     2  startup_tm4c123.o(.text)
    QEI0_Handler                             0x00000d95   Thumb Code     2  startup_tm4c123.o(.text)
    ADC0SS0_Handler                          0x00000d97   Thumb Code     2  startup_tm4c123.o(.text)
    ADC0SS1_Handler                          0x00000d99   Thumb Code     2  startup_tm4c123.o(.text)
    ADC0SS3_Handler                          0x00000d9d   Thumb Code     2  startup_tm4c123.o(.text)
    WDT0_Handler                             0x00000d9f   Thumb Code     2  startup_tm4c123.o(.text)
    TIMER0A_Handler                          0x00000da1   Thumb Code     2  startup_tm4c123.o(.text)
    TIMER0B_Handler                          0x00000da3   Thumb Code     2  startup_tm4c123.o(.text)
    TIMER1A_Handler                          0x00000da5   Thumb Code     2  startup_tm4c123.o(.text)
    TIMER1B_Handler                          0x00000da7   Thumb Code     2  startup_tm4c123.o(.text)
    TIMER2A_Handler                          0x00000da9   Thumb Code     2  startup_tm4c123.o(.text)
    TIMER2B_Handler                          0x00000dab   Thumb Code     2  startup_tm4c123.o(.text)
    COMP0_Handler                            0x00000dad   Thumb Code     2  startup_tm4c123.o(.text)
    COMP1_Handler                            0x00000daf   Thumb Code     2  startup_tm4c123.o(.text)
    COMP2_Handler                            0x00000db1   Thumb Code     2  startup_tm4c123.o(.text)
    SYSCTL_Handler                           0x00000db3   Thumb Code     2  startup_tm4c123.o(.text)
    FLASH_Handler                            0x00000db5   Thumb Code     2  startup_tm4c123.o(.text)
    GPIOF_Handler                            0x00000db7   Thumb Code     2  startup_tm4c123.o(.text)
    GPIOG_Handler                            0x00000db9   Thumb Code     2  startup_tm4c123.o(.text)
    GPIOH_Handler                            0x00000dbb   Thumb Code     2  startup_tm4c123.o(.text)
    UART2_Handler                            0x00000dbd   Thumb Code     2  startup_tm4c123.o(.text)
    SSI1_Handler                             0x00000dbf   Thumb Code     2  startup_tm4c123.o(.text)
    TIMER3A_Handler                          0x00000dc1   Thumb Code     2  startup_tm4c123.o(.text)
    TIMER3B_Handler                          0x00000dc3   Thumb Code     2  startup_tm4c123.o(.text)
    I2C1_Handler                             0x00000dc5   Thumb Code     2  startup_tm4c123.o(.text)
    QEI1_Handler                             0x00000dc7   Thumb Code     2  startup_tm4c123.o(.text)
    CAN0_Handler                             0x00000dc9   Thumb Code     2  startup_tm4c123.o(.text)
    CAN1_Handler                             0x00000dcb   Thumb Code     2  startup_tm4c123.o(.text)
    CAN2_Handler                             0x00000dcd   Thumb Code     2  startup_tm4c123.o(.text)
    HIB_Handler                              0x00000dcf   Thumb Code     2  startup_tm4c123.o(.text)
    USB0_Handler                             0x00000dd1   Thumb Code     2  startup_tm4c123.o(.text)
    PWM0_3_Handler                           0x00000dd3   Thumb Code     2  startup_tm4c123.o(.text)
    UDMA_Handler                             0x00000dd5   Thumb Code     2  startup_tm4c123.o(.text)
    UDMAERR_Handler                          0x00000dd7   Thumb Code     2  startup_tm4c123.o(.text)
    ADC1SS0_Handler                          0x00000dd9   Thumb Code     2  startup_tm4c123.o(.text)
    ADC1SS1_Handler                          0x00000ddb   Thumb Code     2  startup_tm4c123.o(.text)
    ADC1SS2_Handler                          0x00000ddd   Thumb Code     2  startup_tm4c123.o(.text)
    ADC1SS3_Handler                          0x00000ddf   Thumb Code     2  startup_tm4c123.o(.text)
    GPIOJ_Handler                            0x00000de1   Thumb Code     2  startup_tm4c123.o(.text)
    GPIOK_Handler                            0x00000de3   Thumb Code     2  startup_tm4c123.o(.text)
    GPIOL_Handler                            0x00000de5   Thumb Code     2  startup_tm4c123.o(.text)
    SSI2_Handler                             0x00000de7   Thumb Code     2  startup_tm4c123.o(.text)
    SSI3_Handler                             0x00000de9   Thumb Code     2  startup_tm4c123.o(.text)
    UART3_Handler                            0x00000deb   Thumb Code     2  startup_tm4c123.o(.text)
    UART4_Handler                            0x00000ded   Thumb Code     2  startup_tm4c123.o(.text)
    UART5_Handler                            0x00000def   Thumb Code     2  startup_tm4c123.o(.text)
    UART6_Handler                            0x00000df1   Thumb Code     2  startup_tm4c123.o(.text)
    UART7_Handler                            0x00000df3   Thumb Code     2  startup_tm4c123.o(.text)
    I2C2_Handler                             0x00000df5   Thumb Code     2  startup_tm4c123.o(.text)
    I2C3_Handler                             0x00000df7   Thumb Code     2  startup_tm4c123.o(.text)
    TIMER4B_Handler                          0x00000dfb   Thumb Code     2  startup_tm4c123.o(.text)
    TIMER5A_Handler                          0x00000dfd   Thumb Code     2  startup_tm4c123.o(.text)
    TIMER5B_Handler                          0x00000dff   Thumb Code     2  startup_tm4c123.o(.text)
    WTIMER0A_Handler                         0x00000e01   Thumb Code     2  startup_tm4c123.o(.text)
    WTIMER0B_Handler                         0x00000e03   Thumb Code     2  startup_tm4c123.o(.text)
    WTIMER1A_Handler                         0x00000e05   Thumb Code     2  startup_tm4c123.o(.text)
    WTIMER1B_Handler                         0x00000e07   Thumb Code     2  startup_tm4c123.o(.text)
    WTIMER2A_Handler                         0x00000e09   Thumb Code     2  startup_tm4c123.o(.text)
    WTIMER2B_Handler                         0x00000e0b   Thumb Code     2  startup_tm4c123.o(.text)
    WTIMER3A_Handler                         0x00000e0d   Thumb Code     2  startup_tm4c123.o(.text)
    WTIMER3B_Handler                         0x00000e0f   Thumb Code     2  startup_tm4c123.o(.text)
    WTIMER4A_Handler                         0x00000e11   Thumb Code     2  startup_tm4c123.o(.text)
    WTIMER4B_Handler                         0x00000e13   Thumb Code     2  startup_tm4c123.o(.text)
    WTIMER5A_Handler                         0x00000e15   Thumb Code     2  startup_tm4c123.o(.text)
    WTIMER5B_Handler                         0x00000e17   Thumb Code     2  startup_tm4c123.o(.text)
    FPU_Handler                              0x00000e19   Thumb Code     2  startup_tm4c123.o(.text)
    I2C4_Handler                             0x00000e1b   Thumb Code     2  startup_tm4c123.o(.text)
    I2C5_Handler                             0x00000e1d   Thumb Code     2  startup_tm4c123.o(.text)
    GPIOM_Handler                            0x00000e1f   Thumb Code     2  startup_tm4c123.o(.text)
    GPION_Handler                            0x00000e21   Thumb Code     2  startup_tm4c123.o(.text)
    QEI2_Handler                             0x00000e23   Thumb Code     2  startup_tm4c123.o(.text)
    GPIOP0_Handler                           0x00000e25   Thumb Code     2  startup_tm4c123.o(.text)
    GPIOP1_Handler                           0x00000e27   Thumb Code     2  startup_tm4c123.o(.text)
    GPIOP2_Handler                           0x00000e29   Thumb Code     2  startup_tm4c123.o(.text)
    GPIOP3_Handler                           0x00000e2b   Thumb Code     2  startup_tm4c123.o(.text)
    GPIOP4_Handler                           0x00000e2d   Thumb Code     2  startup_tm4c123.o(.text)
    GPIOP5_Handler                           0x00000e2f   Thumb Code     2  startup_tm4c123.o(.text)
    GPIOP6_Handler                           0x00000e31   Thumb Code     2  startup_tm4c123.o(.text)
    GPIOP7_Handler                           0x00000e33   Thumb Code     2  startup_tm4c123.o(.text)
    GPIOQ0_Handler                           0x00000e35   Thumb Code     2  startup_tm4c123.o(.text)
    GPIOQ1_Handler                           0x00000e37   Thumb Code     2  startup_tm4c123.o(.text)
    GPIOQ2_Handler                           0x00000e39   Thumb Code     2  startup_tm4c123.o(.text)
    GPIOQ3_Handler                           0x00000e3b   Thumb Code     2  startup_tm4c123.o(.text)
    GPIOQ4_Handler                           0x00000e3d   Thumb Code     2  startup_tm4c123.o(.text)
    GPIOQ5_Handler                           0x00000e3f   Thumb Code     2  startup_tm4c123.o(.text)
    GPIOQ6_Handler                           0x00000e41   Thumb Code     2  startup_tm4c123.o(.text)
    GPIOQ7_Handler                           0x00000e43   Thumb Code     2  startup_tm4c123.o(.text)
    GPIOR_Handler                            0x00000e45   Thumb Code     2  startup_tm4c123.o(.text)
    GPIOS_Handler                            0x00000e47   Thumb Code     2  startup_tm4c123.o(.text)
    PMW1_0_Handler                           0x00000e49   Thumb Code     2  startup_tm4c123.o(.text)
    PWM1_1_Handler                           0x00000e4b   Thumb Code     2  startup_tm4c123.o(.text)
    PWM1_2_Handler                           0x00000e4d   Thumb Code     2  startup_tm4c123.o(.text)
    PWM1_3_Handler                           0x00000e4f   Thumb Code     2  startup_tm4c123.o(.text)
    PWM1_FAULT_Handler                       0x00000e51   Thumb Code     2  startup_tm4c123.o(.text)
    SystemCoreClockUpdate                    0x00000f13   Thumb Code   184  system_tm4c123.o(.text)
    SystemInit                               0x00000fcb   Thumb Code   112  system_tm4c123.o(.text)
    __scatterload                            0x000010ad   Thumb Code    28  init.o(.text)
    __scatterload_rt2                        0x000010ad   Thumb Code     0  init.o(.text)
    __0printf$bare                           0x000010d1   Thumb Code     8  printfb.o(i.__0printf$bare)
    __1printf$bare                           0x000010d1   Thumb Code     0  printfb.o(i.__0printf$bare)
    __2printf                                0x000010d1   Thumb Code     0  printfb.o(i.__0printf$bare)
    __scatterload_copy                       0x000010e1   Thumb Code    14  handlers.o(i.__scatterload_copy)
    __scatterload_null                       0x000010ef   Thumb Code     2  handlers.o(i.__scatterload_null)
    __scatterload_zeroinit                   0x000010f1   Thumb Code    14  handlers.o(i.__scatterload_zeroinit)
    malloc                                   0x00001121   Thumb Code    92  malloc.o(i.malloc)
    Region$$Table$$Base                      0x0000118c   Number         0  anon$$obj.o(Region$$Table)
    Region$$Table$$Limit                     0x000011ac   Number         0  anon$$obj.o(Region$$Table)
    SystemCoreClock                          0x20000008   Data           4  system_tm4c123.o(.data)
    __stdout                                 0x2000000c   Data           4  stdout.o(.data)
    __microlib_freelist                      0x20000010   Data           4  mvars.o(.data)
    __microlib_freelist_initialised          0x20000014   Data           4  mvars.o(.data)
    UART0_Tx_Buffer                          0x20000018   Data          14  serial_debug.o(.bss)
    UART0_Rx_Buffer                          0x20000026   Data          14  serial_debug.o(.bss)
    __heap_base                              0x20000038   Data           0  startup_tm4c123.o(HEAP)
    __heap_limit                             0x20000038   Data           0  startup_tm4c123.o(HEAP)
    __initial_sp                             0x20001038   Data           0  startup_tm4c123.o(STACK)



==============================================================================

Memory Map of the image

  Image Entry point : 0x00000d61

  Load Region LR_1 (Base: 0x00000000, Size: 0x000011c4, Max: 0xffffffff, ABSOLUTE)

    Execution Region ER_RO (Exec base: 0x00000000, Load base: 0x00000000, Size: 0x000011ac, Max: 0xffffffff, ABSOLUTE)

    Exec Addr    Load Addr    Size         Type   Attr      Idx    E Section Name        Object

    0x00000000   0x00000000   0x0000026c   Data   RO          580    RESET               startup_tm4c123.o
    0x0000026c   0x0000026c   0x00000000   Code   RO          615  * .ARM.Collect$$$$00000000  mc_w.l(entry.o)
    0x0000026c   0x0000026c   0x00000004   Code   RO          907    .ARM.Collect$$$$00000001  mc_w.l(entry2.o)
    0x00000270   0x00000270   0x00000004   Code   RO          910    .ARM.Collect$$$$00000004  mc_w.l(entry5.o)
    0x00000274   0x00000274   0x00000000   Code   RO          912    .ARM.Collect$$$$00000008  mc_w.l(entry7b.o)
    0x00000274   0x00000274   0x00000000   Code   RO          914    .ARM.Collect$$$$0000000A  mc_w.l(entry8b.o)
    0x00000274   0x00000274   0x00000008   Code   RO          915    .ARM.Collect$$$$0000000B  mc_w.l(entry9a.o)
    0x0000027c   0x0000027c   0x00000000   Code   RO          917    .ARM.Collect$$$$0000000D  mc_w.l(entry10a.o)
    0x0000027c   0x0000027c   0x00000000   Code   RO          919    .ARM.Collect$$$$0000000F  mc_w.l(entry11a.o)
    0x0000027c   0x0000027c   0x00000004   Code   RO          908    .ARM.Collect$$$$00002712  mc_w.l(entry2.o)
    0x00000280   0x00000280   0x000000bc   Code   RO            4    .text               main.o
    0x0000033c   0x0000033c   0x0000000c   Code   RO          120    .text               project_hardware_init.o
    0x00000348   0x00000348   0x00000064   Code   RO          144    .text               project_interrupts.o
    0x000003ac   0x000003ac   0x00000290   Code   RO          210    .text               gpio_port.o
    0x0000063c   0x0000063c   0x00000078   Code   RO          258    .text               pc_buffer.o
    0x000006b4   0x000006b4   0x00000238   Code   RO          303    .text               timers.o
    0x000008ec   0x000008ec   0x00000290   Code   RO          331    .text               uart.o
    0x00000b7c   0x00000b7c   0x000001e4   Code   RO          517    .text               serial_debug.o
    0x00000d60   0x00000d60   0x000000fc   Code   RO          581  * .text               startup_tm4c123.o
    0x00000e5c   0x00000e5c   0x00000250   Code   RO          588    .text               system_tm4c123.o
    0x000010ac   0x000010ac   0x00000024   Code   RO          942    .text               mc_w.l(init.o)
    0x000010d0   0x000010d0   0x00000010   Code   RO          620    i.__0printf$bare    mc_w.l(printfb.o)
    0x000010e0   0x000010e0   0x0000000e   Code   RO          954    i.__scatterload_copy  mc_w.l(handlers.o)
    0x000010ee   0x000010ee   0x00000002   Code   RO          955    i.__scatterload_null  mc_w.l(handlers.o)
    0x000010f0   0x000010f0   0x0000000e   Code   RO          956    i.__scatterload_zeroinit  mc_w.l(handlers.o)
    0x000010fe   0x000010fe   0x00000022   Code   RO          627    i._printf_core      mc_w.l(printfb.o)
    0x00001120   0x00001120   0x0000006c   Code   RO          880    i.malloc            mc_w.l(malloc.o)
    0x0000118c   0x0000118c   0x00000020   Data   RO          952    Region$$Table       anon$$obj.o


    Execution Region ER_RW (Exec base: 0x20000000, Load base: 0x000011ac, Size: 0x00000018, Max: 0xffffffff, ABSOLUTE)

    Exec Addr    Load Addr    Size         Type   Attr      Idx    E Section Name        Object

    0x20000000   0x000011ac   0x00000004   Data   RW          145    .data               project_interrupts.o
    0x20000004   0x000011b0   0x00000002   Data   RW          519    .data               serial_debug.o
    0x20000006   0x000011b2   0x00000002   PAD
    0x20000008   0x000011b4   0x00000004   Data   RW          589    .data               system_tm4c123.o
    0x2000000c   0x000011b8   0x00000004   Data   RW          618    .data               mc_w.l(stdout.o)
    0x20000010   0x000011bc   0x00000004   Data   RW          929    .data               mc_w.l(mvars.o)
    0x20000014   0x000011c0   0x00000004   Data   RW          930    .data               mc_w.l(mvars.o)


    Execution Region ER_ZI (Exec base: 0x20000018, Load base: 0x000011c4, Size: 0x00001020, Max: 0xffffffff, ABSOLUTE)

    Exec Addr    Load Addr    Size         Type   Attr      Idx    E Section Name        Object

    0x20000018        -       0x0000001c   Zero   RW          518    .bss                serial_debug.o
    0x20000034   0x000011c4   0x00000004   PAD
    0x20000038        -       0x00000000   Zero   RW          579    HEAP                startup_tm4c123.o
    0x20000038        -       0x00001000   Zero   RW          578    STACK               startup_tm4c123.o


==============================================================================

Image component sizes


      Code (inc. data)   RO Data    RW Data    ZI Data      Debug   Object Name

       656         34          0          0          0       5086   gpio_port.o
       188         78          0          0          0      28283   main.o
       120          0          0          0          0       1899   pc_buffer.o
        12          0          0          0          0        490   project_hardware_init.o
       100         16          0          4          0       1272   project_interrupts.o
       484         24          0          2         28       5521   serial_debug.o
       252         10        620          0       4096       5424   startup_tm4c123.o
       592        138          0          4          0       1525   system_tm4c123.o
       568         24          0          0          0      32840   timers.o
       656         54          0          0          0       3500   uart.o

    ----------------------------------------------------------------------
      3628        378        652         12       4128      85840   Object Totals
         0          0         32          0          0          0   (incl. Generated)
         0          0          0          2          4          0   (incl. Padding)

    ----------------------------------------------------------------------

      Code (inc. data)   RO Data    RW Data    ZI Data      Debug   Library Member Name

         0          0          0          0          0          0   entry.o
         0          0          0          0          0          0   entry10a.o
         0          0          0          0          0          0   entry11a.o
         8          4          0          0          0          0   entry2.o
         4          0          0          0          0          0   entry5.o
         0          0          0          0          0          0   entry7b.o
         0          0          0          0          0          0   entry8b.o
         8          4          0          0          0          0   entry9a.o
        30          0          0          0          0          0   handlers.o
        36          8          0          0          0         68   init.o
       108         16          0          0          0         84   malloc.o
         0          0          0          8          0          0   mvars.o
        50          8          0          0          0        152   printfb.o
         0          0          0          4          0          0   stdout.o

    ----------------------------------------------------------------------
       244         40          0         12          0        304   Library Totals
         0          0          0          0          0          0   (incl. Padding)

    ----------------------------------------------------------------------

      Code (inc. data)   RO Data    RW Data    ZI Data      Debug   Library Name

       244         40          0         12          0        304   mc_w.l

    ----------------------------------------------------------------------
       244         40          0         12          0        304   Library Totals

    ----------------------------------------------------------------------

==============================================================================


      Code (inc. data)   RO Data    RW Data    ZI Data      Debug   

      3872        418        652         24       4128      84996   Grand Totals
      3872        418        652         24       4128      84996   ELF Image Totals
      3872        418        652         24          0          0   ROM Totals

==============================================================================

    Total RO  Size (Code + RO Data)                 4524 (   4.42kB)
    Total RW  Size (RW Data + ZI Data)              4152 (   4.05kB)
    Total ROM Size (Code + RO Data + RW Data)       4548 (   4.44kB)

==============================================================================

